// Jest Snapshot v1, https://goo.gl/fbAQLP

exports[`Todo component renders correctly 1`] = `
Array [
  <div>
    <h1>
      TODO APPLICATION
    </h1>
    <form
      onSubmit={[Function]}
    >
      <input
        data-testId="input"
        onChange={[Function]}
        onKeyDown={[Function]}
        placeholder="Add task"
        type="text"
        value=""
      />
    </form>
  </div>,
  <div
    className="container"
    data-testId="Checkbox"
  >
    <div
      className="todo"
    >
      <h3>
        TODO
      </h3>
      <form>
        <ul />
      </form>
    </div>
    <div
      className="done"
      data-testId="done"
    >
      <h3>
        DONE
      </h3>
      <ul />
    </div>
  </div>,
  ")",
]
`;
